EN compteur NULL //narrhavas/fforest/tp_numerique/filtre_anti-rebond/vhdl.vhd sub00/vhpl00 1258443212
AR compteur compte //narrhavas/fforest/tp_numerique/filtre_anti-rebond/vhdl.vhd sub00/vhpl01 1258443213
EN sequenceur NULL //narrhavas/fforest/tp_numerique/filtre_anti-rebond/vhdl.vhd sub00/vhpl02 1258443214
EN filtre_anti_rebond NULL //narrhavas/fforest/tp_numerique/filtre_anti-rebond/vhdl.vhd sub00/vhpl04 1258443216
AR filtre_anti_rebond structurelle //narrhavas/fforest/tp_numerique/filtre_anti-rebond/vhdl.vhd sub00/vhpl05 1258443217
AR sequenceur commande //narrhavas/fforest/tp_numerique/filtre_anti-rebond/vhdl.vhd sub00/vhpl03 1258443215
