V3 9
FL //narrhavas/fforest/tp_numerique/filtre_anti-rebond/vhdl.vhd 2009/11/17.09:36:38 I.34
EN work/compteur 1258443212        FL //narrhavas/fforest/tp_numerique/filtre_anti-rebond/vhdl.vhd \
      PB ieee/std_logic_1164 1155947332 PH ieee/NUMERIC_STD 1155947343 \
      PB ieee/STD_LOGIC_UNSIGNED 1155947338
AR work/compteur/compte 1258443213 \
      FL //narrhavas/fforest/tp_numerique/filtre_anti-rebond/vhdl.vhd \
      EN work/compteur 1258443212
EN work/sequenceur 1258443214 \
      FL //narrhavas/fforest/tp_numerique/filtre_anti-rebond/vhdl.vhd \
      PB ieee/std_logic_1164 1155947332 PH ieee/NUMERIC_STD 1155947343 \
      PB ieee/STD_LOGIC_UNSIGNED 1155947338
AR work/sequenceur/commande 1258443215 \
      FL //narrhavas/fforest/tp_numerique/filtre_anti-rebond/vhdl.vhd \
      EN work/sequenceur 1258443214
EN work/filtre_anti_rebond 1258443216 \
      FL //narrhavas/fforest/tp_numerique/filtre_anti-rebond/vhdl.vhd \
      PB ieee/std_logic_1164 1155947332 PH ieee/NUMERIC_STD 1155947343 \
      PB ieee/STD_LOGIC_UNSIGNED 1155947338
AR work/filtre_anti_rebond/structurelle 1258443217 \
      FL //narrhavas/fforest/tp_numerique/filtre_anti-rebond/vhdl.vhd \
      EN work/filtre_anti_rebond 1258443216 CP sequenceur CP compteur
